Creating an optimized production build...
Failed to compile.

Module not found: Error: Can't resolve 'react-dom/client' in 'C:\GLOF\frontend\src'


